[0.024s] Invoking command in '/home/plsh/robotic_arm/build/robotic_4dof_arm': CMAKE_PREFIX_PATH=${CMAKE_PREFIX_PATH}:/opt/ros/lyrical DEBUGINFOD_URLS=https://debuginfod.ubuntu.com /usr/bin/cmake /home/plsh/robotic_arm/src/robotic_4dof_arm -DCMAKE_INSTALL_PREFIX=/home/plsh/robotic_arm/install/robotic_4dof_arm
[0.329s] -- The C compiler identification is GNU 15.2.0
[0.550s] -- The CXX compiler identification is GNU 15.2.0
[0.571s] -- Detecting C compiler ABI info
[0.751s] -- Detecting C compiler ABI info - done
[0.777s] -- Check for working C compiler: /usr/bin/cc - skipped
[0.777s] -- Detecting C compile features
[0.778s] -- Detecting C compile features - done
[0.809s] -- Detecting CXX compiler ABI info
[0.991s] -- Detecting CXX compiler ABI info - done
[1.021s] -- Check for working CXX compiler: /usr/bin/c++ - skipped
[1.021s] -- Detecting CXX compile features
[1.022s] -- Detecting CXX compile features - done
[1.106s] -- Found ament_cmake: 2.8.7 (/opt/ros/lyrical/share/ament_cmake/cmake)
[2.177s] -- Found rclcpp: 32.0.0 (/opt/ros/lyrical/share/rclcpp/cmake)
[2.348s] -- Found rosidl_generator_c: 5.2.0 (/opt/ros/lyrical/share/rosidl_generator_c/cmake)
[2.389s] -- Found rosidl_generator_cpp: 5.2.0 (/opt/ros/lyrical/share/rosidl_generator_cpp/cmake)
[2.465s] -- Using all available rosidl_typesupport_c: rosidl_typesupport_fastrtps_c;rosidl_typesupport_introspection_c
[2.519s] -- Using all available rosidl_typesupport_cpp: rosidl_typesupport_fastrtps_cpp;rosidl_typesupport_introspection_cpp
[2.744s] -- Found rmw_implementation_cmake: 7.10.1 (/opt/ros/lyrical/share/rmw_implementation_cmake/cmake)
[2.759s] -- Found rmw_fastrtps_cpp: 9.4.8 (/opt/ros/lyrical/share/rmw_fastrtps_cpp/cmake)
[2.868s] -- Using RMW implementation 'rmw_fastrtps_cpp' as default
[3.071s] -- Found std_msgs: 5.9.2 (/opt/ros/lyrical/share/std_msgs/cmake)
[3.108s] -- Found geometry_msgs: 5.9.2 (/opt/ros/lyrical/share/geometry_msgs/cmake)
[3.149s] -- Found ament_lint_auto: 0.20.6 (/opt/ros/lyrical/share/ament_lint_auto/cmake)
[3.396s] -- Added test 'lint_cmake' to check CMake code style
[3.401s] -- Added test 'xmllint' to check XML markup files
[3.407s] -- Configuring done (3.3s)
[3.417s] -- Generating done (0.0s)
[3.461s] -- Build files have been written to: /home/plsh/robotic_arm/build/robotic_4dof_arm
[3.472s] Invoked command in '/home/plsh/robotic_arm/build/robotic_4dof_arm' returned '0': CMAKE_PREFIX_PATH=${CMAKE_PREFIX_PATH}:/opt/ros/lyrical DEBUGINFOD_URLS=https://debuginfod.ubuntu.com /usr/bin/cmake /home/plsh/robotic_arm/src/robotic_4dof_arm -DCMAKE_INSTALL_PREFIX=/home/plsh/robotic_arm/install/robotic_4dof_arm
[3.474s] Invoking command in '/home/plsh/robotic_arm/build/robotic_4dof_arm': CMAKE_PREFIX_PATH=${CMAKE_PREFIX_PATH}:/opt/ros/lyrical DEBUGINFOD_URLS=https://debuginfod.ubuntu.com /usr/bin/cmake --build /home/plsh/robotic_arm/build/robotic_4dof_arm -- -j12 -l12
[3.552s] Invoked command in '/home/plsh/robotic_arm/build/robotic_4dof_arm' returned '0': CMAKE_PREFIX_PATH=${CMAKE_PREFIX_PATH}:/opt/ros/lyrical DEBUGINFOD_URLS=https://debuginfod.ubuntu.com /usr/bin/cmake --build /home/plsh/robotic_arm/build/robotic_4dof_arm -- -j12 -l12
[3.573s] Invoking command in '/home/plsh/robotic_arm/build/robotic_4dof_arm': CMAKE_PREFIX_PATH=${CMAKE_PREFIX_PATH}:/opt/ros/lyrical DEBUGINFOD_URLS=https://debuginfod.ubuntu.com /usr/bin/cmake --install /home/plsh/robotic_arm/build/robotic_4dof_arm
[3.588s] -- Install configuration: ""
[3.589s] -- Installing: /home/plsh/robotic_arm/install/robotic_4dof_arm/share/robotic_4dof_arm/urdf
[3.589s] -- Installing: /home/plsh/robotic_arm/install/robotic_4dof_arm/share/robotic_4dof_arm/launch
[3.589s] -- Installing: /home/plsh/robotic_arm/install/robotic_4dof_arm/share/robotic_4dof_arm/worlds
[3.589s] -- Installing: /home/plsh/robotic_arm/install/robotic_4dof_arm/share/ament_index/resource_index/package_run_dependencies/robotic_4dof_arm
[3.589s] -- Installing: /home/plsh/robotic_arm/install/robotic_4dof_arm/share/ament_index/resource_index/parent_prefix_path/robotic_4dof_arm
[3.589s] -- Installing: /home/plsh/robotic_arm/install/robotic_4dof_arm/share/robotic_4dof_arm/environment/ament_prefix_path.sh
[3.590s] -- Installing: /home/plsh/robotic_arm/install/robotic_4dof_arm/share/robotic_4dof_arm/environment/ament_prefix_path.dsv
[3.590s] -- Installing: /home/plsh/robotic_arm/install/robotic_4dof_arm/share/robotic_4dof_arm/environment/path.sh
[3.590s] -- Installing: /home/plsh/robotic_arm/install/robotic_4dof_arm/share/robotic_4dof_arm/environment/path.dsv
[3.590s] -- Installing: /home/plsh/robotic_arm/install/robotic_4dof_arm/share/robotic_4dof_arm/local_setup.bash
[3.591s] -- Installing: /home/plsh/robotic_arm/install/robotic_4dof_arm/share/robotic_4dof_arm/local_setup.fish
[3.591s] -- Installing: /home/plsh/robotic_arm/install/robotic_4dof_arm/share/robotic_4dof_arm/local_setup.sh
[3.591s] -- Installing: /home/plsh/robotic_arm/install/robotic_4dof_arm/share/robotic_4dof_arm/local_setup.zsh
[3.591s] -- Installing: /home/plsh/robotic_arm/install/robotic_4dof_arm/share/robotic_4dof_arm/local_setup.dsv
[3.592s] -- Installing: /home/plsh/robotic_arm/install/robotic_4dof_arm/share/robotic_4dof_arm/package.dsv
[3.592s] -- Installing: /home/plsh/robotic_arm/install/robotic_4dof_arm/share/ament_index/resource_index/packages/robotic_4dof_arm
[3.592s] -- Installing: /home/plsh/robotic_arm/install/robotic_4dof_arm/share/robotic_4dof_arm/cmake/robotic_4dof_armConfig.cmake
[3.593s] -- Installing: /home/plsh/robotic_arm/install/robotic_4dof_arm/share/robotic_4dof_arm/cmake/robotic_4dof_armConfig-version.cmake
[3.593s] -- Installing: /home/plsh/robotic_arm/install/robotic_4dof_arm/share/robotic_4dof_arm/package.xml
[3.596s] Invoked command in '/home/plsh/robotic_arm/build/robotic_4dof_arm' returned '0': CMAKE_PREFIX_PATH=${CMAKE_PREFIX_PATH}:/opt/ros/lyrical DEBUGINFOD_URLS=https://debuginfod.ubuntu.com /usr/bin/cmake --install /home/plsh/robotic_arm/build/robotic_4dof_arm
