[INFO] [launch]: All log files can be found below /home/plsh/.ros/log/2026-08-29-01-47-18-821551-Jade-120730
[INFO] [launch]: Default logging verbosity is set to INFO
[INFO] [gz-1]: process started with pid [120747]
[INFO] [robot_state_publisher-2]: process started with pid [120748]
[INFO] [create-3]: process started with pid [120749]
[INFO] [parameter_bridge-4]: process started with pid [120750]
[INFO] [move_group-5]: process started with pid [120751]
[robot_state_publisher-2] [INFO] [1787948239.102011035] [robot_state_publisher]: Robot initialized
[move_group-5] [INFO] [1787948239.156189530] [move_group.moveit.moveit.ros.rdf_loader]: Loaded robot model in 0 seconds
[move_group-5] [INFO] [1787948239.156351515] [move_group.moveit.moveit.core.robot_model]: Loading robot model 'arm'...
[move_group-5] [INFO] [1787948239.156364269] [move_group.moveit.moveit.core.robot_model]: No root/virtual joint specified in SRDF. Assuming fixed joint
[move_group-5] [WARN] [1787948239.156430443] [move_group.moveit.moveit.core.robot_model]: Link base_upper_link has visual geometry but no collision geometry. Collision geometry will be left empty. Fix your URDF file by explicitly specifying collision geometry.
[move_group-5] [WARN] [1787948239.156445331] [move_group.moveit.moveit.core.robot_model]: Link forearm_wrist_link has visual geometry but no collision geometry. Collision geometry will be left empty. Fix your URDF file by explicitly specifying collision geometry.
[move_group-5] [WARN] [1787948239.156463055] [move_group.moveit.moveit.core.robot_model]: Link wrist_gripper_link has visual geometry but no collision geometry. Collision geometry will be left empty. Fix your URDF file by explicitly specifying collision geometry.
[move_group-5] [WARN] [1787948239.156471470] [move_group.moveit.moveit.core.robot_model]: Link upper_forearm_link has visual geometry but no collision geometry. Collision geometry will be left empty. Fix your URDF file by explicitly specifying collision geometry.
[move_group-5] [INFO] [1787948239.159280011] [move_group.moveit.moveit.kinematics.kdl_kinematics_plugin]: Joint weights for group 'arm': 1 1 1 1 1 1
[move_group-5] [INFO] [1787948239.171711016] [move_group.moveit.moveit.ros.moveit_cpp]: Listening to 'joint_states' for joint states
[move_group-5] [INFO] [1787948239.173247615] [move_group.moveit.moveit.ros.current_state_monitor]: Listening to joint states on topic 'joint_states'
[move_group-5] [INFO] [1787948239.181177917] [move_group.moveit.moveit.ros.planning_scene_monitor]: Listening to '/attached_collision_object' for attached collision objects
[move_group-5] [INFO] [1787948239.182898813] [move_group.moveit.moveit.ros.planning_scene_monitor]: Publishing maintained planning scene on 'monitored_planning_scene'
[move_group-5] [INFO] [1787948239.183104269] [move_group.moveit.moveit.ros.planning_scene_monitor]: Starting planning scene monitor
[move_group-5] [INFO] [1787948239.183703045] [move_group.moveit.moveit.ros.planning_scene_monitor]: Listening to '/planning_scene'
[move_group-5] [INFO] [1787948239.183724315] [move_group.moveit.moveit.ros.planning_scene_monitor]: Starting world geometry update monitor for collision objects, attached objects, octomap updates.
[move_group-5] [INFO] [1787948239.184172648] [move_group.moveit.moveit.ros.planning_scene_monitor]: Listening to 'collision_object'
[move_group-5] [INFO] [1787948239.184575286] [move_group.moveit.moveit.ros.planning_scene_monitor]: Listening to 'planning_scene_world' for planning scene world geometry
[move_group-5] [WARN] [1787948239.184873216] [move_group.moveit.moveit.ros.occupancy_map_monitor]: Resolution not specified for Octomap. Assuming resolution = 0.1 instead
[move_group-5] [ERROR] [1787948239.184895327] [move_group.moveit.moveit.ros.occupancy_map_monitor]: No 3D sensor plugin(s) defined for octomap updates
[move_group-5] [INFO] [1787948239.200370947] [move_group.moveit.moveit.ros.planning_pipeline]: Successfully loaded planner 'OMPL'
[move_group-5] [INFO] [1787948239.202037631] [move_group]: Try loading adapter 'default_planning_request_adapters/ResolveConstraintFrames'
[move_group-5] [INFO] [1787948239.202871870] [move_group]: Loaded adapter 'default_planning_request_adapters/ResolveConstraintFrames'
[move_group-5] [INFO] [1787948239.202885084] [move_group]: Try loading adapter 'default_planning_request_adapters/ValidateWorkspaceBounds'
[move_group-5] [INFO] [1787948239.202982457] [move_group]: Loaded adapter 'default_planning_request_adapters/ValidateWorkspaceBounds'
[move_group-5] [INFO] [1787948239.202988228] [move_group]: Try loading adapter 'default_planning_request_adapters/CheckStartStateBounds'
[move_group-5] [INFO] [1787948239.203003607] [move_group]: Loaded adapter 'default_planning_request_adapters/CheckStartStateBounds'
[move_group-5] [INFO] [1787948239.204466117] [move_group]: Try loading adapter 'default_planning_response_adapters/AddTimeOptimalParameterization'
[move_group-5] [INFO] [1787948239.206093457] [move_group]: Loaded adapter 'default_planning_response_adapters/AddTimeOptimalParameterization'
[move_group-5] [INFO] [1787948239.206105480] [move_group]: Try loading adapter 'default_planning_response_adapters/DisplayMotionPath'
[move_group-5] [INFO] [1787948239.206866261] [move_group]: Loaded adapter 'default_planning_response_adapters/DisplayMotionPath'
[move_group-5] [INFO] [1787948239.227697851] [move_group.moveit.moveit.plugins.simple_controller_manager]: Added FollowJointTrajectory controller for arm_controller
[move_group-5] [INFO] [1787948239.230209985] [move_group.moveit.moveit.plugins.simple_controller_manager]: Added FollowJointTrajectory controller for gripper_controller
[move_group-5] [INFO] [1787948239.230472248] [move_group.moveit.moveit.plugins.simple_controller_manager]: Returned 2 controllers in list
[move_group-5] [INFO] [1787948239.230500020] [move_group.moveit.moveit.plugins.simple_controller_manager]: Returned 2 controllers in list
[move_group-5] [INFO] [1787948239.231003206] [move_group.moveit.moveit.ros.trajectory_execution_manager]: Trajectory execution is not managing controllers
[move_group-5] [INFO] [1787948239.231026310] [move_group]: MoveGroup debug mode is ON
[move_group-5] [INFO] [1787948239.254584378] [move_group.moveit.moveit.ros.move_group.executable]: 
[move_group-5] 
[move_group-5] ********************************************************
[move_group-5] * MoveGroup using: 
[move_group-5] *     - apply_planning_scene_service
[move_group-5] *     - clear_octomap_service
[move_group-5] *     - get_group_urdf
[move_group-5] *     - load_geometry_from_file
[move_group-5] *     - CartesianPathService
[move_group-5] *     - execute_trajectory_action
[move_group-5] *     - get_planning_scene_service
[move_group-5] *     - kinematics_service
[move_group-5] *     - move_action
[move_group-5] *     - motion_plan_service
[move_group-5] *     - query_planners_service
[move_group-5] *     - state_validation_service
[move_group-5] *     - save_geometry_to_file
[move_group-5] ********************************************************
[move_group-5] 
[move_group-5] [INFO] [1787948239.254669337] [move_group.moveit.moveit.ros.move_group.context]: MoveGroup context using pipeline ompl
[move_group-5] [INFO] [1787948239.254680609] [move_group.moveit.moveit.ros.move_group.context]: MoveGroup context initialization complete
[move_group-5] [96mLoading 'move_group/ApplyPlanningSceneService'...[0m
[move_group-5] [96mLoading 'move_group/ClearOctomapService'...[0m
[move_group-5] [96mLoading 'move_group/GetUrdfService'...[0m
[move_group-5] [96mLoading 'move_group/LoadGeometryFromFileService'...[0m
[move_group-5] [96mLoading 'move_group/MoveGroupCartesianPathService'...[0m
[move_group-5] [96mLoading 'move_group/MoveGroupExecuteTrajectoryAction'...[0m
[move_group-5] [96mLoading 'move_group/MoveGroupGetPlanningSceneService'...[0m
[move_group-5] [96mLoading 'move_group/MoveGroupKinematicsService'...[0m
[move_group-5] [96mLoading 'move_group/MoveGroupMoveAction'...[0m
[move_group-5] [96mLoading 'move_group/MoveGroupPlanService'...[0m
[move_group-5] [96mLoading 'move_group/MoveGroupQueryPlannersService'...[0m
[move_group-5] [96mLoading 'move_group/MoveGroupStateValidationService'...[0m
[move_group-5] [96mLoading 'move_group/SaveGeometryToFileService'...[0m
[move_group-5] 
[move_group-5] [92mYou can start planning now![0m
[move_group-5] 
[create-3] [INFO] [1787948239.294754352] [ros_gz_sim]: Requesting list of world names.
[parameter_bridge-4] [INFO] [1787948239.295078852] [ros_gz_bridge]: Creating GZ->ROS Bridge: [/clock (gz.msgs.Clock) -> /clock (rosgraph_msgs/msg/Clock)] (Lazy 0)
[gz-1] [1;33mWarning [Utils.cc:132][0m [/sdf/world[@name="warehouse"]/model[@name="table"]/link[@name="link"]/visual[@name="visual"]/material[@name="grey"][@name="grey"]:/home/plsh/robotic_arm/install/robotic_4dof_arm/share/robotic_4dof_arm/worlds/warehouse.sdf:L93]: XML Attribute[name] in element[material] not defined in SDF.
[gz-1] [1;33mWarning [Utils.cc:132][0m [/sdf/world[@name="warehouse"]/model[@name="target_box"]/link[@name="link"]/visual[@name="visual"]/material[@name="grey"][@name="grey"]:/home/plsh/robotic_arm/install/robotic_4dof_arm/share/robotic_4dof_arm/worlds/warehouse.sdf:L146]: XML Attribute[name] in element[material] not defined in SDF.
[gz-1] [1;33mWarning [Utils.cc:132][0m [/sdf/world[@name="warehouse"]/model[@name="obstacle"]/link[@name="link"]/visual[@name="visual"]/material[@name="grey"][@name="grey"]:/home/plsh/robotic_arm/install/robotic_4dof_arm/share/robotic_4dof_arm/worlds/warehouse.sdf:L172]: XML Attribute[name] in element[material] not defined in SDF.
[gz-1] /opt/ros/lyrical/opt/gz_sim_vendor/libexec/gz/sim10/gz-sim-gui-client: symbol lookup error: /snap/core20/current/lib/x86_64-linux-gnu/libpthread.so.0: undefined symbol: __libc_pthread_init, version GLIBC_PRIVATE
[gz-1] [1;33mWarning [Utils.cc:132][0m [/sdf/world[@name="warehouse"]/model[@name="table"]/link[@name="link"]/visual[@name="visual"]/material[@name="grey"][@name="grey"]:/home/plsh/robotic_arm/install/robotic_4dof_arm/share/robotic_4dof_arm/worlds/warehouse.sdf:L93]: XML Attribute[name] in element[material] not defined in SDF.
[gz-1] [1;33mWarning [Utils.cc:132][0m [/sdf/world[@name="warehouse"]/model[@name="target_box"]/link[@name="link"]/visual[@name="visual"]/material[@name="grey"][@name="grey"]:/home/plsh/robotic_arm/install/robotic_4dof_arm/share/robotic_4dof_arm/worlds/warehouse.sdf:L146]: XML Attribute[name] in element[material] not defined in SDF.
[gz-1] [1;33mWarning [Utils.cc:132][0m [/sdf/world[@name="warehouse"]/model[@name="obstacle"]/link[@name="link"]/visual[@name="visual"]/material[@name="grey"][@name="grey"]:/home/plsh/robotic_arm/install/robotic_4dof_arm/share/robotic_4dof_arm/worlds/warehouse.sdf:L172]: XML Attribute[name] in element[material] not defined in SDF.
[create-3] [INFO] [1787948241.401239454] [ros_gz_sim]: Waiting messages on topic [robot_description].
[INFO] [gz-1]: process has finished cleanly [pid 120747]
[INFO] [spawner-6]: process started with pid [120922]
[spawner-6] [INFO] [1787948244.537280108] [spawner_joint_state_broadcaster]: waiting for service /controller_manager/list_controllers to become available...
[INFO] [spawner-7]: process started with pid [120952]
[INFO] [spawner-8]: process started with pid [120953]
[create-3] [WARN] [1787948246.418865590] [ros_gz_sim]: Waiting for service [/world/warehouse/create] to become available ...
[create-3] [WARN] [1787948251.419224055] [ros_gz_sim]: Waiting for service [/world/warehouse/create] to become available ...
[spawner-6] [WARN] [1787948254.544997023] [spawner_joint_state_broadcaster]: Could not contact service /controller_manager/list_controllers
[spawner-6] [INFO] [1787948254.545351289] [spawner_joint_state_broadcaster]: waiting for service /controller_manager/list_controllers to become available...
[create-3] [WARN] [1787948256.419447898] [ros_gz_sim]: Waiting for service [/world/warehouse/create] to become available ...
[create-3] [WARN] [1787948261.419745761] [ros_gz_sim]: Waiting for service [/world/warehouse/create] to become available ...
[spawner-6] [WARN] [1787948264.552549518] [spawner_joint_state_broadcaster]: Could not contact service /controller_manager/list_controllers
[spawner-6] [INFO] [1787948264.553106776] [spawner_joint_state_broadcaster]: waiting for service /controller_manager/list_controllers to become available...
[create-3] [WARN] [1787948266.419996244] [ros_gz_sim]: Waiting for service [/world/warehouse/create] to become available ...
[spawner-8] [WARN] [1787948266.494232504] [ros2_control_controller_spawner_gripper_controller]: Failed to acquire lock in 20 seconds. Attempt 1 of 5 failed. Retrying in 3 seconds...
[spawner-7] [WARN] [1787948266.529452390] [ros2_control_controller_spawner_arm_controller]: Failed to acquire lock in 20 seconds. Attempt 1 of 5 failed. Retrying in 3 seconds...
[create-3] [WARN] [1787948271.420276874] [ros_gz_sim]: Waiting for service [/world/warehouse/create] to become available ...
[spawner-6] [WARN] [1787948274.559985565] [spawner_joint_state_broadcaster]: Could not contact service /controller_manager/list_controllers
[spawner-6] [INFO] [1787948274.560348237] [spawner_joint_state_broadcaster]: waiting for service /controller_manager/list_controllers to become available...
[create-3] [WARN] [1787948276.420616895] [ros_gz_sim]: Waiting for service [/world/warehouse/create] to become available ...
[create-3] [WARN] [1787948281.421073916] [ros_gz_sim]: Waiting for service [/world/warehouse/create] to become available ...
[spawner-6] [WARN] [1787948284.567057267] [spawner_joint_state_broadcaster]: Could not contact service /controller_manager/list_controllers
[spawner-6] [INFO] [1787948284.567531809] [spawner_joint_state_broadcaster]: waiting for service /controller_manager/list_controllers to become available...
[create-3] [WARN] [1787948286.421445718] [ros_gz_sim]: Waiting for service [/world/warehouse/create] to become available ...
[spawner-8] [WARN] [1787948289.509285087] [ros2_control_controller_spawner_gripper_controller]: Failed to acquire lock in 20 seconds. Attempt 2 of 5 failed. Retrying in 3 seconds...
[spawner-7] [WARN] [1787948289.557612820] [ros2_control_controller_spawner_arm_controller]: Failed to acquire lock in 20 seconds. Attempt 2 of 5 failed. Retrying in 3 seconds...
[create-3] [WARN] [1787948291.421711750] [ros_gz_sim]: Waiting for service [/world/warehouse/create] to become available ...
[spawner-6] [WARN] [1787948294.575234677] [spawner_joint_state_broadcaster]: Could not contact service /controller_manager/list_controllers
[spawner-6] [INFO] [1787948294.575626544] [spawner_joint_state_broadcaster]: waiting for service /controller_manager/list_controllers to become available...
[create-3] [WARN] [1787948296.422042544] [ros_gz_sim]: Waiting for service [/world/warehouse/create] to become available ...
[create-3] [WARN] [1787948301.422302114] [ros_gz_sim]: Waiting for service [/world/warehouse/create] to become available ...
[spawner-6] [WARN] [1787948304.582624287] [spawner_joint_state_broadcaster]: Could not contact service /controller_manager/list_controllers
[spawner-6] [INFO] [1787948304.583125158] [spawner_joint_state_broadcaster]: waiting for service /controller_manager/list_controllers to become available...
[create-3] [WARN] [1787948306.422578376] [ros_gz_sim]: Waiting for service [/world/warehouse/create] to become available ...
[create-3] [WARN] [1787948311.422972959] [ros_gz_sim]: Waiting for service [/world/warehouse/create] to become available ...
[spawner-8] [WARN] [1787948312.526704267] [ros2_control_controller_spawner_gripper_controller]: Failed to acquire lock in 20 seconds. Attempt 3 of 5 failed. Retrying in 3 seconds...
[spawner-7] [WARN] [1787948312.576974834] [ros2_control_controller_spawner_arm_controller]: Failed to acquire lock in 20 seconds. Attempt 3 of 5 failed. Retrying in 3 seconds...
[spawner-6] [WARN] [1787948314.590010869] [spawner_joint_state_broadcaster]: Could not contact service /controller_manager/list_controllers
[spawner-6] [INFO] [1787948314.590446749] [spawner_joint_state_broadcaster]: waiting for service /controller_manager/list_controllers to become available...
[create-3] [WARN] [1787948316.423265080] [ros_gz_sim]: Waiting for service [/world/warehouse/create] to become available ...
[create-3] [WARN] [1787948321.423573994] [ros_gz_sim]: Waiting for service [/world/warehouse/create] to become available ...
[spawner-6] [WARN] [1787948324.596687408] [spawner_joint_state_broadcaster]: Could not contact service /controller_manager/list_controllers
[spawner-6] [INFO] [1787948324.597311862] [spawner_joint_state_broadcaster]: waiting for service /controller_manager/list_controllers to become available...
[create-3] [WARN] [1787948326.423854785] [ros_gz_sim]: Waiting for service [/world/warehouse/create] to become available ...
[create-3] [WARN] [1787948331.424097613] [ros_gz_sim]: Waiting for service [/world/warehouse/create] to become available ...
[spawner-6] [WARN] [1787948334.603362855] [spawner_joint_state_broadcaster]: Could not contact service /controller_manager/list_controllers
[spawner-6] [INFO] [1787948334.603745354] [spawner_joint_state_broadcaster]: waiting for service /controller_manager/list_controllers to become available...
[spawner-8] [WARN] [1787948335.538472244] [ros2_control_controller_spawner_gripper_controller]: Failed to acquire lock in 20 seconds. Attempt 4 of 5 failed. Retrying in 3 seconds...
[spawner-7] [WARN] [1787948335.588645417] [ros2_control_controller_spawner_arm_controller]: Failed to acquire lock in 20 seconds. Attempt 4 of 5 failed. Retrying in 3 seconds...
[create-3] [WARN] [1787948336.424338468] [ros_gz_sim]: Waiting for service [/world/warehouse/create] to become available ...
[create-3] [WARN] [1787948341.424570446] [ros_gz_sim]: Waiting for service [/world/warehouse/create] to become available ...
[spawner-6] [WARN] [1787948344.612298521] [spawner_joint_state_broadcaster]: Could not contact service /controller_manager/list_controllers
[spawner-6] [INFO] [1787948344.612666854] [spawner_joint_state_broadcaster]: waiting for service /controller_manager/list_controllers to become available...
[create-3] [WARN] [1787948346.424864521] [ros_gz_sim]: Waiting for service [/world/warehouse/create] to become available ...
[create-3] [WARN] [1787948351.425179405] [ros_gz_sim]: Waiting for service [/world/warehouse/create] to become available ...
[spawner-6] [WARN] [1787948354.621240640] [spawner_joint_state_broadcaster]: Could not contact service /controller_manager/list_controllers
[spawner-6] [INFO] [1787948354.621659758] [spawner_joint_state_broadcaster]: waiting for service /controller_manager/list_controllers to become available...
[create-3] [WARN] [1787948356.425545185] [ros_gz_sim]: Waiting for service [/world/warehouse/create] to become available ...
[spawner-8] [WARN] [1787948358.552296406] [ros2_control_controller_spawner_gripper_controller]: Failed to acquire lock in 20 seconds. Attempt 5 of 5 failed. Retrying in 3 seconds...
[spawner-7] [WARN] [1787948358.602478646] [ros2_control_controller_spawner_arm_controller]: Failed to acquire lock in 20 seconds. Attempt 5 of 5 failed. Retrying in 3 seconds...
[create-3] [WARN] [1787948361.425819904] [ros_gz_sim]: Waiting for service [/world/warehouse/create] to become available ...
[spawner-8] [ERROR] [1787948361.553081261] [ros2_control_controller_spawner_gripper_controller]: Failed to acquire lock after multiple attempts.
[spawner-7] [ERROR] [1787948361.603161319] [ros2_control_controller_spawner_arm_controller]: Failed to acquire lock after multiple attempts.
[ERROR] [spawner-8]: process has died [pid 120953, exit code 1, cmd '/opt/ros/lyrical/lib/controller_manager/spawner gripper_controller --param-file /home/plsh/robotic_arm/install/robotic_4dof_arm/share/robotic_4dof_arm/config/controllers.yaml --ros-args'].
[ERROR] [spawner-7]: process has died [pid 120952, exit code 1, cmd '/opt/ros/lyrical/lib/controller_manager/spawner arm_controller --param-file /home/plsh/robotic_arm/install/robotic_4dof_arm/share/robotic_4dof_arm/config/controllers.yaml --ros-args'].
[spawner-6] [WARN] [1787948364.628330736] [spawner_joint_state_broadcaster]: Could not contact service /controller_manager/list_controllers
[spawner-6] [INFO] [1787948364.628727592] [spawner_joint_state_broadcaster]: waiting for service /controller_manager/list_controllers to become available...
[create-3] [WARN] [1787948366.426078853] [ros_gz_sim]: Waiting for service [/world/warehouse/create] to become available ...
[create-3] [WARN] [1787948371.426350275] [ros_gz_sim]: Waiting for service [/world/warehouse/create] to become available ...
[spawner-6] [WARN] [1787948374.635357342] [spawner_joint_state_broadcaster]: Could not contact service /controller_manager/list_controllers
[spawner-6] [INFO] [1787948374.635940770] [spawner_joint_state_broadcaster]: waiting for service /controller_manager/list_controllers to become available...
[create-3] [WARN] [1787948376.426668336] [ros_gz_sim]: Waiting for service [/world/warehouse/create] to become available ...
[create-3] [WARN] [1787948381.426985655] [ros_gz_sim]: Waiting for service [/world/warehouse/create] to become available ...
[spawner-6] [WARN] [1787948384.642769514] [spawner_joint_state_broadcaster]: Could not contact service /controller_manager/list_controllers
[spawner-6] [INFO] [1787948384.643187921] [spawner_joint_state_broadcaster]: waiting for service /controller_manager/list_controllers to become available...
[create-3] [WARN] [1787948386.427253109] [ros_gz_sim]: Waiting for service [/world/warehouse/create] to become available ...
[create-3] [WARN] [1787948391.427589634] [ros_gz_sim]: Waiting for service [/world/warehouse/create] to become available ...
[spawner-6] [WARN] [1787948394.651224346] [spawner_joint_state_broadcaster]: Could not contact service /controller_manager/list_controllers
[spawner-6] [INFO] [1787948394.651759513] [spawner_joint_state_broadcaster]: waiting for service /controller_manager/list_controllers to become available...
[create-3] [WARN] [1787948396.428044191] [ros_gz_sim]: Waiting for service [/world/warehouse/create] to become available ...
