[INFO] [1788083120.740999005] [pick_and_place_autonomous]: Waiting for MoveGroup and Gripper action servers...
[INFO] [1788083120.742698936] [pick_and_place_autonomous]: Action servers connected successfully!
[INFO] [1788083120.743435499] [pick_and_place_autonomous]: Running preflight checks...
[INFO] [1788083120.754824504] [pick_and_place_autonomous]: Preflight checks passed ✓
[INFO] [1788083120.755578049] [pick_and_place_autonomous]: ========================================================
[INFO] [1788083120.756311396] [pick_and_place_autonomous]:    Starting Autonomous Collision-Aware Pick and Place   
[INFO] [1788083120.757092843] [pick_and_place_autonomous]: ========================================================
[INFO] [1788083120.757712737] [pick_and_place_autonomous]: 
[1/11] Initializing Planning Scene Obstacles...
[INFO] [1788083120.758657380] [pick_and_place_autonomous]: Initializing complete MoveIt planning scene...
[INFO] [1788083120.761064360] [pick_and_place_autonomous]: Added collision object 'table' at (-0.5, 0.0, -0.485) in frame 'world'
[INFO] [1788083120.863188079] [pick_and_place_autonomous]: Added collision object 'obstacle' at (-0.63, -0.04, 0.05) in frame 'world'
[INFO] [1788083120.965416105] [pick_and_place_autonomous]: Added collision object 'target_box' at (-0.6, 0.2, 0.05) in frame 'world'
[INFO] [1788083121.066404693] [pick_and_place_autonomous]: Planning scene successfully initialized.
[INFO] [1788083122.067711006] [pick_and_place_autonomous]: 
[2/11] Moving to Safe Home Pose...
[INFO] [1788083122.068492794] [pick_and_place_autonomous]: Planning collision-aware path to joints: [0.0, 1.57, -1.57, -1.57, 0.0, 0.0, -0.4, 0.4]
[INFO] [1788083122.806824270] [pick_and_place_autonomous]: Joint-space motion succeeded.
[INFO] [1788083123.308258673] [pick_and_place_autonomous]: 
[3/11] Opening Gripper...
[INFO] [1788083123.309030953] [pick_and_place_autonomous]: Moving gripper to prongs: [0.04, -0.04]
[INFO] [1788083125.361949114] [pick_and_place_autonomous]: 
[4/11] Planning path to Pre-Pick Pose (above box)...
[INFO] [1788083125.362762251] [pick_and_place_autonomous]: Planning collision-aware path to joints: [2.99305101636934, 2.15267218434942, 0.8740226654672446, -1.6856941305680255, 0.0, 0.0]
[INFO] [1788083130.714867735] [pick_and_place_autonomous]: Joint-space motion succeeded.
[INFO] [1788083131.216162826] [pick_and_place_autonomous]: 
[5/11] Descending to Grasp Height...
[INFO] [1788083131.216912283] [pick_and_place_autonomous]: Planning collision-aware path to joints: [2.99305101636934, 2.218520061176955, 1.285332392414124, -1.208536526793611, 0.0, 0.0]
[INFO] [1788083133.256768548] [pick_and_place_autonomous]: Joint-space motion succeeded.
[INFO] [1788083133.757850490] [pick_and_place_autonomous]: 
[6/11] Closing Gripper & Attaching Box to MoveIt...
[INFO] [1788083133.758456257] [pick_and_place_autonomous]: Moving gripper to prongs: [0.028, -0.028]
[INFO] [1788083135.761721789] [pick_and_place_autonomous]: Attached 'target_box' to 'gripper_base_link'
[INFO] [1788083136.463345151] [pick_and_place_autonomous]: 
[7/11] Lifting Object vertically...
[INFO] [1788083136.464043242] [pick_and_place_autonomous]: Planning collision-aware path to joints: [2.99305101636934, 2.2624457761555288, 0.42301658929067804, -2.026926614938483, 0.0, 0.0]
[INFO] [1788083139.308649532] [pick_and_place_autonomous]: Joint-space motion succeeded.
[INFO] [1788083139.809731543] [pick_and_place_autonomous]: 
[8/11] Planning Collision-Free Path AROUND Obstacle to Pre-Place...
[INFO] [1788083139.810513932] [pick_and_place_autonomous]: Planning collision-aware path to joints: [-2.4211388383508967, 1.84038313743386, 1.198091753192707, -1.6739140897581226, 0.0, 0.0]
[INFO] [1788083147.661058411] [pick_and_place_autonomous]: Joint-space motion succeeded.
[INFO] [1788083148.162430056] [pick_and_place_autonomous]: 
[9/11] Lowering to Place Pose...
[INFO] [1788083148.163250747] [pick_and_place_autonomous]: Planning collision-aware path to joints: [-2.4211388383508967, 1.9096872159046774, 1.626858101448508, -1.175843663031504, 0.0, 0.0]
[INFO] [1788083150.368184285] [pick_and_place_autonomous]: Joint-space motion succeeded.
[INFO] [1788083150.869431867] [pick_and_place_autonomous]: 
[10/11] Opening Gripper & Detaching Object...
[INFO] [1788083150.870103468] [pick_and_place_autonomous]: Moving gripper to prongs: [0.04, -0.04]
[INFO] [1788083152.923853220] [pick_and_place_autonomous]: Detached 'target_box' from gripper
[INFO] [1788083153.027125316] [pick_and_place_autonomous]: Added collision object 'target_box' at (-0.45, -0.25, 0.05) in frame 'world'
[INFO] [1788083153.128270298] [pick_and_place_autonomous]: Re-added 'target_box' at drop position (-0.45, -0.25, 0.05)
[INFO] [1788083153.629989355] [pick_and_place_autonomous]: 
[11/11] Retreating Upwards & Returning Home...
[INFO] [1788083153.630849380] [pick_and_place_autonomous]: Planning collision-aware path to joints: [-2.4211388383508967, 1.84038313743386, 1.198091753192707, -1.6739140897581226, 0.0, 0.0]
[ERROR] [1788083153.645130916] [pick_and_place_autonomous]: Motion failed [code 99999] (attempt 1/3): Joint-space
[WARN] [1788083153.645926890] [pick_and_place_autonomous]: Retrying Joint-space motion (Attempt 2/3)...
[ERROR] [1788083153.662934003] [pick_and_place_autonomous]: Motion failed [code 99999] (attempt 2/3): Joint-space
[WARN] [1788083153.663623608] [pick_and_place_autonomous]: Retrying Joint-space motion (Attempt 3/3)...
[ERROR] [1788083153.682453213] [pick_and_place_autonomous]: Motion failed [code 99999] (attempt 3/3): Joint-space
[ERROR] [1788083153.683199304] [pick_and_place_autonomous]: All attempts failed: Joint-space
[ERROR] [1788083153.683836169] [pick_and_place_autonomous]: ══ MISSION ABORT at step: [Step 11: Retreat] ══
[WARN] [1788083153.684389228] [pick_and_place_autonomous]: Attempting emergency return to home pose...
[INFO] [1788083153.685000295] [pick_and_place_autonomous]: Planning collision-aware path to joints: [0.0, 1.57, -1.57, -1.57, 0.0, 0.0, -0.4, 0.4]
[ERROR] [1788083153.703472789] [pick_and_place_autonomous]: Motion failed [code 99999] (attempt 1/3): Joint-space
[WARN] [1788083153.704288180] [pick_and_place_autonomous]: Retrying Joint-space motion (Attempt 2/3)...
[ERROR] [1788083153.722756287] [pick_and_place_autonomous]: Motion failed [code 99999] (attempt 2/3): Joint-space
[WARN] [1788083153.723454127] [pick_and_place_autonomous]: Retrying Joint-space motion (Attempt 3/3)...
[ERROR] [1788083153.743120873] [pick_and_place_autonomous]: Motion failed [code 99999] (attempt 3/3): Joint-space
[ERROR] [1788083153.744109590] [pick_and_place_autonomous]: All attempts failed: Joint-space
[ERROR] [1788083153.744990754] [pick_and_place_autonomous]: Mission failed: Mission aborted at: Step 11: Retreat
